[2026-03-03 02:54:59] [INFO] Created task: Test Task (high)
[2026-03-03 02:54:59] [INFO] Created task: Task 1 (high)
[2026-03-03 02:54:59] [INFO] Created task: Task 2 (medium)
[2026-03-03 02:54:59] [INFO] Created task: Fresh Task (medium)
[2026-03-03 02:54:59] [INFO] Checking for stalled tasks...
[2026-03-03 02:54:59] [WARNING] Found 1 stalled tasks
[2026-03-03 02:54:59] [INFO]   - Old Task: stuck for >24h
[2026-03-03 02:54:59] [INFO] Created task: Pending 1 (medium)
[2026-03-03 02:54:59] [INFO] Created task: Pending 2 (low)
[2026-03-03 02:54:59] [INFO] Running self-review...
[2026-03-03 02:54:59] [INFO] Created task: Safe Task (medium)
[2026-03-03 02:54:59] [INFO] ==================================================
[2026-03-03 02:54:59] [INFO] AUTONOMY HEARTBEAT - Phase 1
[2026-03-03 02:54:59] [INFO] ==================================================
[2026-03-03 02:54:59] [INFO] Checking system health...
[2026-03-03 02:54:59] [INFO] Found 0 total tasks
[2026-03-03 02:54:59] [INFO] Checking for stalled tasks...
[2026-03-03 02:54:59] [INFO] Checking predictive tasks...
[2026-03-03 02:54:59] [INFO] Checking for stalled tasks...
[2026-03-03 02:54:59] [INFO] Summary: 0 pending, 0 in-progress, 0 completed today
[2026-03-03 02:54:59] [INFO] Heartbeat complete
[2026-03-03 02:55:33] [INFO] Created task: Test Task (high)
[2026-03-03 02:55:33] [INFO] Created task: Task 1 (high)
[2026-03-03 02:55:33] [INFO] Created task: Task 2 (medium)
[2026-03-03 02:55:33] [INFO] Created task: Fresh Task (medium)
[2026-03-03 02:55:33] [INFO] Checking for stalled tasks...
[2026-03-03 02:55:33] [WARNING] Found 1 stalled tasks
[2026-03-03 02:55:33] [INFO]   - Old Task: stuck for >24h
[2026-03-03 02:55:33] [INFO] Created task: Pending 1 (medium)
[2026-03-03 02:55:33] [INFO] Created task: Pending 2 (low)
[2026-03-03 02:55:33] [INFO] Running self-review...
[2026-03-03 02:55:33] [INFO] Created task: Safe Task (medium)
[2026-03-03 02:55:33] [INFO] ==================================================
[2026-03-03 02:55:33] [INFO] AUTONOMY HEARTBEAT - Phase 1
[2026-03-03 02:55:33] [INFO] ==================================================
[2026-03-03 02:55:33] [INFO] Checking system health...
[2026-03-03 02:55:33] [INFO] Found 0 total tasks
[2026-03-03 02:55:33] [INFO] Checking for stalled tasks...
[2026-03-03 02:55:33] [INFO] Checking predictive tasks...
[2026-03-03 02:55:33] [INFO] Checking for stalled tasks...
[2026-03-03 02:55:33] [INFO] Summary: 0 pending, 0 in-progress, 0 completed today
[2026-03-03 02:55:33] [INFO] Heartbeat complete
